10:03:37 **** Incremental Build of configuration Debug for project ABS_DataSimu ****
make -j12 all 
arm-none-eabi-gcc "../Core/Src/main.c" -mcpu=cortex-m3 -std=gnu11 -g3 -DDEBUG -DUSE_HAL_DRIVER -DSTM32F103xB -c -I../Core/Inc -I../Drivers/STM32F1xx_HAL_Driver/Inc/Legacy -I../Drivers/STM32F1xx_HAL_Driver/Inc -I../Drivers/CMSIS/Device/ST/STM32F1xx/Include -I../Drivers/CMSIS/Include -I"H:/AI_Report/ABS_brake_system-master/ABS_DataSimu/ThirdParty/FreeRTOSv202112.00" -I"H:/AI_Report/ABS_brake_system-master/ABS_DataSimu/ThirdParty/FreeRTOSv202112.00/include" -I"H:/AI_Report/ABS_brake_system-master/ABS_DataSimu/ThirdParty/FreeRTOSv202112.00/portable/GCC/ARM_CM3" -O0 -ffunction-sections -fdata-sections -Wall -fstack-usage -fcyclomatic-complexity -MMD -MP -MF"Core/Src/main.d" -MT"Core/Src/main.o" --specs=nano.specs -mfloat-abi=soft -mthumb -o "Core/Src/main.o"
arm-none-eabi-gcc -o "ABS_DataSimu.elf" @"objects.list"   -mcpu=cortex-m3 -T"H:\AI_Report\ABS_brake_system-master\ABS_DataSimu\STM32F103C8TX_FLASH.ld" --specs=nosys.specs -Wl,-Map="ABS_DataSimu.map" -Wl,--gc-sections -static --specs=nano.specs -mfloat-abi=soft -mthumb -Wl,--start-group -lc -lm -Wl,--end-group
Finished building target: ABS_DataSimu.elf
 
arm-none-eabi-size   ABS_DataSimu.elf 
arm-none-eabi-objdump -h -S  ABS_DataSimu.elf  > "ABS_DataSimu.list"
   text	   data	    bss	    dec	    hex	filename
  13472	     20	   1852	  15344	   3bf0	ABS_DataSimu.elf
Finished building: default.size.stdout
 
Finished building: ABS_DataSimu.list
 
arm-none-eabi-objcopy -O ihex ABS_DataSimu.elf ABS_DataSimu.hex
 

10:03:41 Build Finished. 0 errors, 0 warnings. (took 3s.664ms)

